---
source: crates/protocol/src/lib.rs
expression: cases
---
- name: hello
  frame_len: 29
  decoded: "Hello { client_kind: LocalCli, client_version: \"0.1.0\", protocol_version: 3 }"
- name: list_sessions
  frame_len: 8
  decoded: ListSessions
- name: create_session
  frame_len: 131
  decoded: "CreateSession { name: \"demo\", command: [\"bash\", \"-lc\", \"echo hi\"], cwd: \"/tmp/fieldwork\", env: {\"FIELDWORK_TEST\": \"1\"}, size: ClientSize { cols: 100, rows: 30 } }"
- name: attach_session
  frame_len: 45
  decoded: "AttachSession { session_id: SessionId(018f0000-0000-7000-8000-000000000001), size: ClientSize { cols: 80, rows: 24 }, last_seen_seq: Some(128) }"
- name: detach_session
  frame_len: 8
  decoded: DetachSession
- name: kill_session
  frame_len: 32
  decoded: "KillSession { session_id: SessionId(018f0000-0000-7000-8000-000000000001) }"
- name: input
  frame_len: 46
  decoded: "Input { session_id: SessionId(018f0000-0000-7000-8000-000000000001), bytes: [104, 101, 108, 108, 111, 10] }"
- name: resize
  frame_len: 36
  decoded: "Resize { session_id: SessionId(018f0000-0000-7000-8000-000000000001), size: ClientSize { cols: 120, rows: 40 } }"
- name: ping
  frame_len: 16
  decoded: "Ping { seq: 7 }"
- name: begin_pairing
  frame_len: 22
  decoded: "BeginPairing { device_name: Some(\"Phone\") }"
- name: approve_pairing
  frame_len: 33
  decoded: "ApprovePairing { request_id: ClientId(018f0000-0000-7000-8000-000000000002), approved: true }"
- name: pair_with_code
  frame_len: 52
  decoded: "PairWithCode { code: \"AB234\", device_name: \"Phone\", device_node_id: \"node-phone\" }"
- name: list_devices
  frame_len: 8
  decoded: ListDevices
- name: remove_device
  frame_len: 21
  decoded: "RemoveDevice { name: \"Phone\" }"
- name: register_push_token
  frame_len: 32
  decoded: "RegisterPushToken { platform: Apns, token: \"opaque-token\" }"
- name: agent_state_event
  frame_len: 58
  decoded: "AgentStateEvent { session_id: SessionId(018f0000-0000-7000-8000-000000000001), source: Claude, state: AwaitingInput, last_line: Some(\"Continue?\") }"
- name: subscribe_sessions
  frame_len: 8
  decoded: SubscribeSessions
- name: unregister_push_token
  frame_len: 32
  decoded: "UnregisterPushToken { platform: Apns, token: \"opaque-token\" }"
