---
source: crates/protocol/src/lib.rs
assertion_line: 191
expression: cases
---
- name: welcome
  frame_len: 46
  decoded: "Welcome { client_id: ClientId(018f0000-0000-7000-8000-000000000002), daemon_version: \"0.1.0\", capabilities: Capabilities { push_notifications: true } }"
- name: session_list
  frame_len: 126
  decoded: "SessionList { sessions: [SessionSummary { id: SessionId(018f0000-0000-7000-8000-000000000001), name: \"demo\", command: [\"bash\"], cwd: \"/tmp/shelly\", created_at: 1700000000000, last_activity: 1700000000010, state: Working, last_line: Some(\"ready\"), model: None }] }"
- name: session_created
  frame_len: 142
  decoded: "SessionCreated { session_id: SessionId(018f0000-0000-7000-8000-000000000001), summary: SessionSummary { id: SessionId(018f0000-0000-7000-8000-000000000001), name: \"demo\", command: [\"bash\"], cwd: \"/tmp/shelly\", created_at: 1700000000000, last_activity: 1700000000010, state: Working, last_line: Some(\"ready\"), model: None } }"
- name: attached
  frame_len: 56
  decoded: "Attached { session_id: SessionId(018f0000-0000-7000-8000-000000000001), initial_bytes: [27, 91, 72, 114, 101, 97, 100, 121], seq: 42 }"
- name: output
  frame_len: 54
  decoded: "Output { session_id: SessionId(018f0000-0000-7000-8000-000000000001), seq: 48, bytes: [111, 117, 116, 112, 117, 116] }"
- name: agent_state_changed
  frame_len: 53
  decoded: "AgentStateChanged { session_id: SessionId(018f0000-0000-7000-8000-000000000001), state: AwaitingInput, last_line: Some(\"Approve?\") }"
- name: session_exited
  frame_len: 36
  decoded: "SessionExited { session_id: SessionId(018f0000-0000-7000-8000-000000000001), exit_code: 0 }"
- name: lag
  frame_len: 40
  decoded: "Lag { session_id: SessionId(018f0000-0000-7000-8000-000000000001), skipped_bytes: 3 }"
- name: pairing_started
  frame_len: 108
  decoded: "PairingStarted { ticket: PairingTicket { code: \"AB234\", node_id: \"node-daemon\", relay_url: Some(\"https://relay.example\"), addrs: [\"127.0.0.1:1234\"], expires_at: 1700000300000 } }"
- name: pairing_approval_requested
  frame_len: 63
  decoded: "PairingApprovalRequested { request_id: ClientId(018f0000-0000-7000-8000-000000000002), device_name: \"Phone\", device_node_id: \"node-phone\" }"
- name: pairing_complete
  frame_len: 27
  decoded: "PairingComplete { daemon_node_id: \"node-daemon\" }"
- name: device_list
  frame_len: 69
  decoded: "DeviceList { devices: [DeviceSummary { name: \"Phone\", device_node_id: \"node-phone\", paired_at: 1700000000000, last_seen: Some(1700000000001), push_platform: Some(Fcm) }] }"
- name: pong
  frame_len: 16
  decoded: "Pong { seq: 7 }"
- name: error
  frame_len: 57
  decoded: "Error { code: Forbidden, message: \"mobile clients cannot create sessions\" }"
